D:\eclipse\BloomStore\BloomStore\src\main\java\com\bloom\bean\CartBean.java
D:\eclipse\BloomStore\BloomStore\src\main\java\com\bloom\bean\UserBean.java
D:\eclipse\BloomStore\BloomStore\src\main\java\com\bloom\dao\OrderDAO.java
D:\eclipse\BloomStore\BloomStore\src\main\java\com\bloom\dao\ProductDAO.java
D:\eclipse\BloomStore\BloomStore\src\main\java\com\bloom\dao\UserDAO.java
D:\eclipse\BloomStore\BloomStore\src\main\java\com\bloom\model\CartItem.java
D:\eclipse\BloomStore\BloomStore\src\main\java\com\bloom\model\Order.java
D:\eclipse\BloomStore\BloomStore\src\main\java\com\bloom\model\Product.java
D:\eclipse\BloomStore\BloomStore\src\main\java\com\bloom\model\User.java
D:\eclipse\BloomStore\BloomStore\src\main\java\com\bloom\rmi\PaymentResult.java
D:\eclipse\BloomStore\BloomStore\src\main\java\com\bloom\rmi\PaymentServer.java
D:\eclipse\BloomStore\BloomStore\src\main\java\com\bloom\rmi\PaymentService.java
D:\eclipse\BloomStore\BloomStore\src\main\java\com\bloom\rmi\PaymentServiceImpl.java
D:\eclipse\BloomStore\BloomStore\src\main\java\com\bloom\servlet\AdminServlet.java
D:\eclipse\BloomStore\BloomStore\src\main\java\com\bloom\servlet\CartServlet.java
D:\eclipse\BloomStore\BloomStore\src\main\java\com\bloom\servlet\CheckoutServlet.java
D:\eclipse\BloomStore\BloomStore\src\main\java\com\bloom\servlet\LoginServlet.java
D:\eclipse\BloomStore\BloomStore\src\main\java\com\bloom\servlet\LogoutServlet.java
D:\eclipse\BloomStore\BloomStore\src\main\java\com\bloom\servlet\OrderServlet.java
D:\eclipse\BloomStore\BloomStore\src\main\java\com\bloom\servlet\ProductServlet.java
D:\eclipse\BloomStore\BloomStore\src\main\java\com\bloom\servlet\RegisterServlet.java
D:\eclipse\BloomStore\BloomStore\src\main\java\com\bloom\util\HibernateUtil.java
